  📦 已加载现有数据库

  ✅ Glass Blog 已启动: http://localhost:3000

  📋 测试账号：
     管理员  admin@example.com / 123456
     用户    test@example.com  / test123
     用户    demo@example.com  / demo

[DEBUG] GET /api/posts/:id, req.params.id= p1
[DEBUG] 查询结果: 找到文章
[DEBUG] run() 执行 SQL: UPDATE posts SET views=views+1 WHERE id=? ... 参数: [ 'p1' ]
[DEBUG] run() 执行成功
[DEBUG] GET /api/posts/:id, req.params.id= p1
[DEBUG] 查询结果: 找到文章
[DEBUG] run() 执行 SQL: UPDATE posts SET views=views+1 WHERE id=? ... 参数: [ 'p1' ]
[DEBUG] run() 执行成功
[DEBUG] run() 执行 SQL: UPDATE posts SET reviewer_id=?, reviewer_claimed_at=? WHERE id=? ... 参数: [ 'u1', '2026-05-14 14:26:38', 'p1' ]
[DEBUG] run() 执行成功
[DEBUG] run() 执行 SQL: UPDATE posts SET reviewer_id=?, reviewer_claimed_at=? WHERE id=? ... 参数: [ 'u1', '2026-05-14 14:26:42', 'p1' ]
[DEBUG] run() 执行成功
[DEBUG] GET /api/posts/:id, req.params.id= p1
[DEBUG] 查询结果: 找到文章
[DEBUG] run() 执行 SQL: UPDATE posts SET views=views+1 WHERE id=? ... 参数: [ 'p1' ]
[DEBUG] run() 执行成功
[DEBUG] run() 执行 SQL: UPDATE posts SET reviewer_id=?, reviewer_claimed_at=? WHERE id=? ... 参数: [ 'u1', '2026-05-14 14:26:48', 'p1' ]
[DEBUG] run() 执行成功
